
> creator-toolkit@0.1.0 build
> next build --webpack


> Build error occurred
Error: ENOTEMPTY: directory not empty, rmdir '/Users/macbookairm1/Desktop/creator-toolkit/.next/server'
    at ignore-listed frames {
  errno: -66,
  code: 'ENOTEMPTY',
  syscall: 'rmdir',
  path: '/Users/macbookairm1/Desktop/creator-toolkit/.next/server'
}
